00:06:48 **** Incremental Build of configuration Debug for project LAB_3 ****
make -j8 all 
arm-none-eabi-gcc "../Core/Src/fsm_automatic.c" -mcpu=cortex-m3 -std=gnu11 -g3 -DDEBUG -DUSE_HAL_DRIVER -DSTM32F103x6 -c -I../Core/Inc -I../Drivers/STM32F1xx_HAL_Driver/Inc/Legacy -I../Drivers/STM32F1xx_HAL_Driver/Inc -I../Drivers/CMSIS/Device/ST/STM32F1xx/Include -I../Drivers/CMSIS/Include -O0 -ffunction-sections -fdata-sections -Wall -fstack-usage -fcyclomatic-complexity -MMD -MP -MF"Core/Src/fsm_automatic.d" -MT"Core/Src/fsm_automatic.o" --specs=nano.specs -mfloat-abi=soft -mthumb -o "Core/Src/fsm_automatic.o"
arm-none-eabi-gcc -o "LAB_3.elf" @"objects.list"   -mcpu=cortex-m3 -T"D:\LAB VXL\GIT_LAB3\LAB_3\STM32F103C6TX_FLASH.ld" --specs=nosys.specs -Wl,-Map="LAB_3.map" -Wl,--gc-sections -static --specs=nano.specs -mfloat-abi=soft -mthumb -Wl,--start-group -lc -lm -Wl,--end-group
Finished building target: LAB_3.elf
 
arm-none-eabi-size  LAB_3.elf 
arm-none-eabi-objdump -h -S LAB_3.elf  > "LAB_3.list"
arm-none-eabi-objcopy  -O ihex LAB_3.elf  "LAB_3.hex"
   text	   data	    bss	    dec	    hex	filename
  10392	     60	   1692	  12144	   2f70	LAB_3.elf
Finished building: default.size.stdout
 
Finished building: LAB_3.hex
 
Finished building: LAB_3.list
 

00:06:49 Build Finished. 0 errors, 0 warnings. (took 706ms)

